TAP version 13
# Subtest: sandboxed product preview resolves a controlled blob texture and releases every owner
ok 1 - sandboxed product preview resolves a controlled blob texture and releases every owner
  ---
  duration_ms: 1978.0567
  type: 'test'
  ...
# Subtest: sandboxed product Play runs the authorized multi-script set in stable order and isolates one script fault
ok 2 - sandboxed product Play runs the authorized multi-script set in stable order and isolates one script fault
  ---
  duration_ms: 1346.3503
  type: 'test'
  ...
# Subtest: G10 real sandboxed Play steps, inspects and captures same-tick PNG evidence
ok 3 - G10 real sandboxed Play steps, inspects and captures same-tick PNG evidence
  ---
  duration_ms: 1520.6333
  type: 'test'
  ...
# Subtest: G08 zero-script: authorized production iframe, provenance, runtime and teardown
ok 4 - G08 zero-script: authorized production iframe, provenance, runtime and teardown
  ---
  duration_ms: 3372.8306
  type: 'test'
  ...
# Subtest: G08 mixed: authorized production iframe, provenance, runtime and teardown
ok 5 - G08 mixed: authorized production iframe, provenance, runtime and teardown
  ---
  duration_ms: 8476.1139
  type: 'test'
  ...
1..5
# tests 5
# suites 0
# pass 5
# fail 0
# cancelled 0
# skipped 0
# todo 0
# duration_ms 18173.8197
