TAP version 13
# Subtest: component registry validates definitions/instances, rejects unknown component versions and derives one stable capability manifest
ok 1 - component registry validates definitions/instances, rejects unknown component versions and derives one stable capability manifest
  ---
  duration_ms: 22.0255
  type: 'test'
  ...
# Subtest: workspace registry accepts plugin descriptors before first project snapshot and then freezes
ok 2 - workspace registry accepts plugin descriptors before first project snapshot and then freezes
  ---
  duration_ms: 36.0853
  type: 'test'
  ...
# Subtest: external v2 parsing fails closed on unknown fields, duplicate ids, missing roots, unknown components and stale script digests
ok 3 - external v2 parsing fails closed on unknown fields, duplicate ids, missing roots, unknown components and stale script digests
  ---
  duration_ms: 2.8679
  type: 'test'
  ...
# Subtest: component CRUD, parent integrity, dependency rejection and batch rollback are atomic
ok 4 - component CRUD, parent integrity, dependency rejection and batch rollback are atomic
  ---
  duration_ms: 4.2282
  type: 'test'
  ...
# Subtest: workspace batch shares one History transaction and Undo/Redo apply generated inverse deltas
ok 5 - workspace batch shares one History transaction and Undo/Redo apply generated inverse deltas
  ---
  duration_ms: 52.024
  type: 'test'
  ...
# Subtest: v1 migration is lossless, backed up, byte-stable on reopen and rollback-restorable
ok 6 - v1 migration is lossless, backed up, byte-stable on reopen and rollback-restorable
  ---
  duration_ms: 55.3068
  type: 'test'
  ...
# Subtest: 1k and 10k entity single-property edits stay delta-sized and queries remain bounded
ok 7 - 1k and 10k entity single-property edits stay delta-sized and queries remain bounded
  ---
  duration_ms: 138.7037
  type: 'test'
  ...
# Subtest: G08 registry round-trips render, effects, animation, audio and asset descriptors
ok 8 - G08 registry round-trips render, effects, animation, audio and asset descriptors
  ---
  duration_ms: 8.4801
  type: 'test'
  ...
# Subtest: post-process, particles and render budgets fail closed at schema boundaries
ok 9 - post-process, particles and render budgets fail closed at schema boundaries
  ---
  duration_ms: 2.6212
  type: 'test'
  ...
# Subtest: controlled asset catalog enforces containment, format, license, decode and image budgets
ok 10 - controlled asset catalog enforces containment, format, license, decode and image budgets
  ---
  duration_ms: 3.2806
  type: 'test'
  ...
1..10
# tests 10
# suites 0
# pass 10
# fail 0
# cancelled 0
# skipped 0
# todo 0
# duration_ms 901.2139
