TAP version 13
# Subtest: G11 projects an approved evidence-backed task and replays the same terminal summary after restart
ok 1 - G11 projects an approved evidence-backed task and replays the same terminal summary after restart
  ---
  duration_ms: 2579.62953
  type: 'test'
  ...
# Subtest: G11 converts a crash-interrupted task into an explicit resumable checkpoint
ok 2 - G11 converts a crash-interrupted task into an explicit resumable checkpoint
  ---
  duration_ms: 724.070458
  type: 'test'
  ...
# Subtest: G11 restores retained projections through bounded sequence windows when the journal exceeds the scan budget
ok 3 - G11 restores retained projections through bounded sequence windows when the journal exceeds the scan budget
  ---
  duration_ms: 336.887146
  type: 'test'
  ...
# Subtest: turn completion preserves the specific terminal evaluation diagnostic
ok 4 - turn completion preserves the specific terminal evaluation diagnostic
  ---
  duration_ms: 2067.239651
  type: 'test'
  ...
# Subtest: same-tick mismatch triggers bounded recapture and completes the original approved task
ok 5 - same-tick mismatch triggers bounded recapture and completes the original approved task
  ---
  duration_ms: 3094.893057
  type: 'test'
  ...
# Subtest: unfinished acceptance reports the actual failed authoring tool instead of a generic evidence error
ok 6 - unfinished acceptance reports the actual failed authoring tool instead of a generic evidence error
  ---
  duration_ms: 1279.999246
  type: 'test'
  ...
# Subtest: a successful tool retry clears its failure so missing acceptance is not blamed on a resolved error
ok 7 - a successful tool retry clears its failure so missing acceptance is not blamed on a resolved error
  ---
  duration_ms: 3820.536602
  type: 'test'
  ...
# Subtest: an early completed turn continues the same approved task through real evaluation
ok 8 - an early completed turn continues the same approved task through real evaluation
  ---
  duration_ms: 2608.321352
  type: 'test'
  ...
# Subtest: a persisted unfinished checkpoint starts fresh execution instead of replaying old tool requests
ok 9 - a persisted unfinished checkpoint starts fresh execution instead of replaying old tool requests
  ---
  duration_ms: 1332.388058
  type: 'test'
  ...
# Subtest: automatic incomplete-acceptance continuation stops at two attempts without inventing evidence
ok 10 - automatic incomplete-acceptance continuation stops at two attempts without inventing evidence
  ---
  duration_ms: 2894.252267
  type: 'test'
  ...
# Subtest: terminal evaluation clears an earlier queued repair and permits inspection without restarting a blocked task
ok 11 - terminal evaluation clears an earlier queued repair and permits inspection without restarting a blocked task
  ---
  duration_ms: 2757.732673
  type: 'test'
  ...
# Subtest: query quantity query-expand continues successfully and reuses this task's choice
ok 12 - query quantity query-expand continues successfully and reuses this task's choice
  ---
  duration_ms: 2342.781346
  type: 'test'
  ...
# Subtest: query quantity query-cap continues successfully and reuses this task's choice
ok 13 - query quantity query-cap continues successfully and reuses this task's choice
  ---
  duration_ms: 2486.435066
  type: 'test'
  ...
# Subtest: query preferences are dynamic and omitted limit uses the configured threshold
ok 14 - query preferences are dynamic and omitted limit uses the configured threshold
  ---
  duration_ms: 744.789694
  type: 'test'
  ...
# Subtest: query allowance query-expand survives host/session restart and resumes the pending read
ok 15 - query allowance query-expand survives host/session restart and resumes the pending read
  ---
  duration_ms: 2818.237218
  type: 'test'
  ...
# Subtest: query allowance query-cap survives host/session restart and resumes the pending read
ok 16 - query allowance query-cap survives host/session restart and resumes the pending read
  ---
  duration_ms: 2777.907206
  type: 'test'
  ...
# Subtest: cancelling an unanswered query allowance never executes the read
ok 17 - cancelling an unanswered query allowance never executes the read
  ---
  duration_ms: 799.384349
  type: 'test'
  ...
# Subtest: parallel queries share one allowance question while preserving each query
ok 18 - parallel queries share one allowance question while preserving each query
  ---
  duration_ms: 1156.537837
  type: 'test'
  ...
# Subtest: documentation continuation preserves the stored search allowance without injecting a new limit
ok 19 - documentation continuation preserves the stored search allowance without injecting a new limit
  ---
  duration_ms: 751.419463
  type: 'test'
  ...
# Subtest: query confirmation displays its actual task and search context (visible explanation)
ok 20 - query confirmation displays its actual task and search context (visible explanation)
  ---
  duration_ms: 1010.020797
  type: 'test'
  ...
# Subtest: query confirmation displays its actual task and search context (no invented reason)
ok 21 - query confirmation displays its actual task and search context (no invented reason)
  ---
  duration_ms: 1043.473254
  type: 'test'
  ...
# Subtest: compound plan criteria are expanded before approval and persist as individual pending checks
ok 22 - compound plan criteria are expanded before approval and persist as individual pending checks
  ---
  duration_ms: 1430.361691
  type: 'test'
  ...
1..22
# tests 22
# suites 0
# pass 22
# fail 0
# cancelled 0
# skipped 0
# todo 0
# duration_ms 44614.766335
