TAP version 13
# Subtest: catalog projects frozen four-kind contracts from actual registry and Document without changing History
ok 1 - catalog projects frozen four-kind contracts from actual registry and Document without changing History
  ---
  duration_ms: 2210.937589
  type: 'test'
  ...
# Subtest: Lighting template, unsupported preset, real instance and environment asset follow separate existing workflows and reopen
ok 2 - Lighting template, unsupported preset, real instance and environment asset follow separate existing workflows and reopen
  ---
  duration_ms: 7810.435664
  type: 'test'
  ...
# Subtest: unknown usage, partial component references and zero references cannot be confused by unused filtering
ok 3 - unknown usage, partial component references and zero references cannot be confused by unused filtering
  ---
  duration_ms: 9329.3421
  type: 'test'
  ...
# Subtest: forged kinds, references, operations, versions, getters and stale bindings never reach mutation ports
ok 4 - forged kinds, references, operations, versions, getters and stale bindings never reach mutation ports
  ---
  duration_ms: 2953.423794
  type: 'test'
  ...
# Subtest: missing and replaced bytes retain manifest identity, show failure, block assignment and can be rechecked
ok 5 - missing and replaced bytes retain manifest identity, show failure, block assignment and can be rechecked
  ---
  duration_ms: 4739.541488
  type: 'test'
  ...
# Subtest: project inventory excludes templates and duplicate entities, follows tools, undo, redo and project replacement
ok 6 - project inventory excludes templates and duplicate entities, follows tools, undo, redo and project replacement
  ---
  duration_ms: 8575.583762
  type: 'test'
  ...
# Subtest: identical geometry resources group uses and stay stable across rename and copy-on-write edits
ok 7 - identical geometry resources group uses and stay stable across rename and copy-on-write edits
  ---
  duration_ms: 3274.320102
  type: 'test'
  ...
1..7
# tests 7
# suites 0
# pass 7
# fail 0
# cancelled 0
# skipped 0
# todo 0
# duration_ms 42962.920247
