TAP version 13
# Subtest: one Cordis root activates dependency order and owns services, contributions, events and effects
ok 1 - one Cordis root activates dependency order and owns services, contributions, events and effects
  ---
  duration_ms: 79.718526
  type: 'test'
  ...
# Subtest: partial activation failure rolls every effect back in reverse order
ok 2 - partial activation failure rolls every effect back in reverse order
  ---
  duration_ms: 17.899479
  type: 'test'
  ...
# Subtest: optional provider failure degrades consumer without failing profile
ok 3 - optional provider failure degrades consumer without failing profile
  ---
  duration_ms: 8.86089
  type: 'test'
  ...
# Subtest: invalid config and late async activation fail closed with zero resources
ok 4 - invalid config and late async activation fail closed with zero resources
  ---
  duration_ms: 37.015756
  type: 'test'
  ...
# Subtest: profile replacement is deterministic and 100 cycles leave no owned resources
ok 5 - profile replacement is deterministic and 100 cycles leave no owned resources
  ---
  duration_ms: 301.05782
  type: 'test'
  ...
# Subtest: fixed Cordis compatibility and lazy closure remain explicit
ok 6 - fixed Cordis compatibility and lazy closure remain explicit
  ---
  duration_ms: 43.70605
  type: 'test'
  ...
# Subtest: pinned Harness agent composition fails closed without a credential and disposes idempotently
ok 7 - pinned Harness agent composition fails closed without a credential and disposes idempotently
  ---
  duration_ms: 1679.329289
  type: 'test'
  ...
# Subtest: Harness maps dotted Studio tool ids to provider-safe deterministic names
ok 8 - Harness maps dotted Studio tool ids to provider-safe deterministic names
  ---
  duration_ms: 0.954976
  type: 'test'
  ...
# Subtest: Harness requires an existing owner and one live transport is attached to its root
ok 9 - Harness requires an existing owner and one live transport is attached to its root
  ---
  duration_ms: 71.398875
  type: 'test'
  ...
# Subtest: failed Harness composition rolls back already loaded plugins without disposing its owner
ok 10 - failed Harness composition rolls back already loaded plugins without disposing its owner
  ---
  duration_ms: 45.361732
  type: 'test'
  ...
# Subtest: root shutdown during Harness initialization drains every partially loaded child
ok 11 - root shutdown during Harness initialization drains every partially loaded child
  ---
  duration_ms: 36.636868
  type: 'test'
  ...
# Subtest: Studio disable owns all Harness descendants
ok 12 - Studio disable owns all Harness descendants
  ---
  duration_ms: 30.209276
  type: 'test'
  ...
# Subtest: Studio replace owns all Harness descendants
ok 13 - Studio replace owns all Harness descendants
  ---
  duration_ms: 26.309558
  type: 'test'
  ...
# Subtest: Studio rollback owns all Harness descendants
ok 14 - Studio rollback owns all Harness descendants
  ---
  duration_ms: 45.832031
  type: 'test'
  ...
# Subtest: root disposal joins concurrent callers and reclaims late activation results
ok 15 - root disposal joins concurrent callers and reclaims late activation results
  ---
  duration_ms: 14.374907
  type: 'test'
  ...
# Subtest: Harness request recovery executes the upstream retry contract with a Studio hard bound
ok 16 - Harness request recovery executes the upstream retry contract with a Studio hard bound
  ---
  duration_ms: 0.834328
  type: 'test'
  ...
1..16
# tests 16
# suites 0
# pass 16
# fail 0
# cancelled 0
# skipped 0
# todo 0
# duration_ms 3400.106638
