TAP version 13
# Subtest: Agent preview follows active provider turns but releases at human handoff
ok 1 - Agent preview follows active provider turns but releases at human handoff
  ---
  duration_ms: 4.861388
  type: 'test'
  ...
# Subtest: human handoff closes Agent preview during planning
ok 2 - human handoff closes Agent preview during planning
  ---
  duration_ms: 0.673512
  type: 'test'
  ...
# Subtest: human handoff closes Agent preview during playing
ok 3 - human handoff closes Agent preview during playing
  ---
  duration_ms: 0.42947
  type: 'test'
  ...
# Subtest: human handoff closes Agent preview during evaluating
ok 4 - human handoff closes Agent preview during evaluating
  ---
  duration_ms: 0.54752
  type: 'test'
  ...
# Subtest: human handoff closes Agent preview during repairing
ok 5 - human handoff closes Agent preview during repairing
  ---
  duration_ms: 0.575316
  type: 'test'
  ...
# Subtest: Agent preview closes on completed, even if another task runs
ok 6 - Agent preview closes on completed, even if another task runs
  ---
  duration_ms: 0.820268
  type: 'test'
  ...
# Subtest: Agent preview closes on failed, even if another task runs
ok 7 - Agent preview closes on failed, even if another task runs
  ---
  duration_ms: 0.874059
  type: 'test'
  ...
# Subtest: Agent preview closes on cancelled, even if another task runs
ok 8 - Agent preview closes on cancelled, even if another task runs
  ---
  duration_ms: 2.125674
  type: 'test'
  ...
# Subtest: Agent preview closes on blocked, even if another task runs
ok 9 - Agent preview closes on blocked, even if another task runs
  ---
  duration_ms: 0.536127
  type: 'test'
  ...
# Subtest: project changes and lost tasks release preview; stale tasks cannot close manual preview
ok 10 - project changes and lost tasks release preview; stale tasks cannot close manual preview
  ---
  duration_ms: 3.642949
  type: 'test'
  ...
# Subtest: renderer cleanup clears the broker only for the matching preview instance
ok 11 - renderer cleanup clears the broker only for the matching preview instance
  ---
  duration_ms: 8.487387
  type: 'test'
  ...
# Subtest: testing preview closes when the task advances to evaluating
ok 12 - testing preview closes when the task advances to evaluating
  ---
  duration_ms: 1.609664
  type: 'test'
  ...
# Subtest: testing preview closes when the task advances to repairing
ok 13 - testing preview closes when the task advances to repairing
  ---
  duration_ms: 0.453482
  type: 'test'
  ...
1..13
# tests 13
# suites 0
# pass 13
# fail 0
# cancelled 0
# skipped 0
# todo 0
# duration_ms 520.799928
