TAP version 13
# Subtest: actual M12 document and registry project complete hierarchy, components and the same public Selection/History
ok 1 - actual M12 document and registry project complete hierarchy, components and the same public Selection/History
  ---
  duration_ms: 350.9839
  type: 'test'
  ...
# Subtest: manual component edits, rename, hierarchy and Transform use actual tools and exactly one existing History transaction each
ok 2 - manual component edits, rename, hierarchy and Transform use actual tools and exactly one existing History transaction each
  ---
  duration_ms: 463.9946
  type: 'test'
  ...
# Subtest: unknown authority, versions, component owners, exact revisions, selection and reopen epoch fail closed
ok 3 - unknown authority, versions, component owners, exact revisions, selection and reopen epoch fail closed
  ---
  duration_ms: 266.2312
  type: 'test'
  ...
# Subtest: registry validation and withheld approval reject edits without changing Document or History
ok 4 - registry validation and withheld approval reject edits without changing Document or History
  ---
  duration_ms: 255.4318
  type: 'test'
  ...
# Subtest: runtime inspection projects persisted ObservationArtifactV2 and separates previous run/revision/project without authoring writes
ok 5 - runtime inspection projects persisted ObservationArtifactV2 and separates previous run/revision/project without authoring writes
  ---
  duration_ms: 76.3644
  type: 'test'
  ...
# Subtest: advanced adapter owns presentation only and consumes frozen M12/SDK types through declared exports
ok 6 - advanced adapter owns presentation only and consumes frozen M12/SDK types through declared exports
  ---
  duration_ms: 10.1461
  type: 'test'
  ...
# Subtest: lazy adapter loads only on open, deduplicates, cancels, unmounts and retries with no late revival
ok 7 - lazy adapter loads only on open, deduplicates, cancels, unmounts and retries with no late revival
  ---
  duration_ms: 338.7164
  type: 'test'
  ...
# Subtest: close/cancel during import, project replacement, and close during async mounting reject late ownership
ok 8 - close/cancel during import, project replacement, and close during async mounting reject late ownership
  ---
  duration_ms: 276.7975
  type: 'test'
  ...
# Subtest: module version/getter failure remains retryable and malformed mounted result rolls back
ok 9 - module version/getter failure remains retryable and malformed mounted result rolls back
  ---
  duration_ms: 270.4338
  type: 'test'
  ...
# Subtest: adapter binds dispatch and preview to latest source, suppresses detached callbacks and never authors previews
ok 10 - adapter binds dispatch and preview to latest source, suppresses detached callbacks and never authors previews
  ---
  duration_ms: 271.3836
  type: 'test'
  ...
1..10
# tests 10
# suites 0
# pass 10
# fail 0
# cancelled 0
# skipped 0
# todo 0
# duration_ms 2901.9774
