TAP version 13
# Subtest: G09 snake acceptance copy: fixed inputs and real source-bound event flows
ok 1 - G09 snake acceptance copy: fixed inputs and real source-bound event flows
  ---
  duration_ms: 12500.2061
  type: 'test'
  ...
# Subtest: G09 match-3 acceptance copy: fixed inputs and real source-bound event flows
ok 2 - G09 match-3 acceptance copy: fixed inputs and real source-bound event flows
  ---
  duration_ms: 13711.0401
  type: 'test'
  ...
# Subtest: G09 falling-blocks acceptance copy: fixed inputs and real source-bound event flows
ok 3 - G09 falling-blocks acceptance copy: fixed inputs and real source-bound event flows
  ---
  duration_ms: 13877.9935
  type: 'test'
  ...
# Subtest: G09 jigsaw acceptance copy: fixed inputs and real source-bound event flows
ok 4 - G09 jigsaw acceptance copy: fixed inputs and real source-bound event flows
  ---
  duration_ms: 11454.8717
  type: 'test'
  ...
# Subtest: G09 platformer acceptance copy: fixed inputs and real source-bound event flows
ok 5 - G09 platformer acceptance copy: fixed inputs and real source-bound event flows
  ---
  duration_ms: 9338.0569
  type: 'test'
  ...
# Subtest: G09 racing acceptance copy: fixed inputs and real source-bound event flows
ok 6 - G09 racing acceptance copy: fixed inputs and real source-bound event flows
  ---
  duration_ms: 9933.4471
  type: 'test'
  ...
# Subtest: G09 shooter acceptance copy: fixed inputs and real source-bound event flows
ok 7 - G09 shooter acceptance copy: fixed inputs and real source-bound event flows
  ---
  duration_ms: 11602.8236
  type: 'test'
  ...
1..7
# tests 7
# suites 0
# pass 7
# fail 0
# cancelled 0
# skipped 0
# todo 0
# duration_ms 83733.4715
