TAP version 13
# Subtest: projects a deterministic graph, transcript and modification evidence chain
ok 1 - projects a deterministic graph, transcript and modification evidence chain
  ---
  duration_ms: 49.970031
  type: 'test'
  ...
# Subtest: shows actual overlapping tool intervals as parallel and preserves dependency order
ok 2 - shows actual overlapping tool intervals as parallel and preserves dependency order
  ---
  duration_ms: 2.256666
  type: 'test'
  ...
# Subtest: keeps barriers, compaction and outcome-unknown visible in graph and transcript
ok 3 - keeps barriers, compaction and outcome-unknown visible in graph and transcript
  ---
  duration_ms: 3.926466
  type: 'test'
  ...
# Subtest: reports sequence gaps and dangling references without crashing
ok 4 - reports sequence gaps and dangling references without crashing
  ---
  duration_ms: 1.105563
  type: 'test'
  ...
# Subtest: projects a 1000-tool graph within a bounded unit-test budget
ok 5 - projects a 1000-tool graph within a bounded unit-test budget
  ---
  duration_ms: 223.690974
  type: 'test'
  ...
# Subtest: session history orders actual execution time instead of unrelated operation counts
ok 6 - session history orders actual execution time instead of unrelated operation counts
  ---
  duration_ms: 7.630475
  type: 'test'
  ...
# Subtest: a task retains its full chain when an approval continuation starts a two-node provider session
ok 7 - a task retains its full chain when an approval continuation starts a two-node provider session
  ---
  duration_ms: 11.041114
  type: 'test'
  ...
# Subtest: task membership separates different requests that reuse one provider session, even with identical titles
ok 8 - task membership separates different requests that reuse one provider session, even with identical titles
  ---
  duration_ms: 8.35814
  type: 'test'
  ...
# Subtest: legacy sessions stay inspectable and invalid task membership is rejected
ok 9 - legacy sessions stay inspectable and invalid task membership is rejected
  ---
  duration_ms: 3.142884
  type: 'test'
  ...
1..9
# tests 9
# suites 0
# pass 9
# fail 0
# cancelled 0
# skipped 0
# todo 0
# duration_ms 578.580244
