TAP version 13
# Subtest: prompt profile is deterministic, versioned and genre neutral
ok 1 - prompt profile is deterministic, versioned and genre neutral
  ---
  duration_ms: 6.5071
  type: 'test'
  ...
# Subtest: same revision reuses a live session by reference, changed revision sends only a delta, and restart rebuilds the same summary/context digest
ok 2 - same revision reuses a live session by reference, changed revision sends only a delta, and restart rebuilds the same summary/context digest
  ---
  duration_ms: 429.7866
  type: 'test'
  ...
# Subtest: exact project source replaces legacy full manifests with bounded scene snapshot then revision diff
ok 3 - exact project source replaces legacy full manifests with bounded scene snapshot then revision diff
  ---
  duration_ms: 125.5792
  type: 'test'
  ...
# Subtest: restart rebuilds context metadata and conversation indexes through bounded sequence windows
ok 4 - restart rebuilds context metadata and conversation indexes through bounded sequence windows
  ---
  duration_ms: 204.2
  type: 'test'
  ...
# Subtest: secret canaries are absent from artifacts, summaries, prompt logs and exported bug bundles
ok 5 - secret canaries are absent from artifacts, summaries, prompt logs and exported bug bundles
  ---
  duration_ms: 222.2397
  type: 'test'
  ...
# Subtest: usage ledger distinguishes provider cache eligibility from reported cache evidence
ok 6 - usage ledger distinguishes provider cache eligibility from reported cache evidence
  ---
  duration_ms: 4.1882
  type: 'test'
  ...
# Subtest: summary compaction keeps bounded visible facts and ignores hidden-reasoning-shaped input
ok 7 - summary compaction keeps bounded visible facts and ignores hidden-reasoning-shaped input
  ---
  duration_ms: 111.4522
  type: 'test'
  ...
# Subtest: all seven canonical game requests use one profile without cross-genre prompt leakage
ok 8 - all seven canonical game requests use one profile without cross-genre prompt leakage
  ---
  duration_ms: 311.7592
  type: 'test'
  ...
# Subtest: tool contract changes start with full context while preserving approved decisions and current project state
ok 9 - tool contract changes start with full context while preserving approved decisions and current project state
  ---
  duration_ms: 263.9545
  type: 'test'
  ...
# Subtest: unknown turn contracts retain visible history but cannot authorize provider session reuse
ok 10 - unknown turn contracts retain visible history but cannot authorize provider session reuse
  ---
  duration_ms: 104.6501
  type: 'test'
  ...
# Subtest: tool contract fingerprint ignores object key order but preserves descriptions, schemas and ordered tool identities
ok 11 - tool contract fingerprint ignores object key order but preserves descriptions, schemas and ordered tool identities
  ---
  duration_ms: 1.2608
  type: 'test'
  ...
1..11
# tests 11
# suites 0
# pass 11
# fail 0
# cancelled 0
# skipped 0
# todo 0
# duration_ms 2194.3787
