TAP version 13
# Subtest: Harness and Codex normalize equivalent multi-step turns to the same semantic event kinds
ok 1 - Harness and Codex normalize equivalent multi-step turns to the same semantic event kinds
  ---
  duration_ms: 1005.319
  type: 'test'
  ...
# Subtest: both backends advertise model/reasoning capabilities and reject unsupported config without provider execution
ok 2 - both backends advertise model/reasoning capabilities and reject unsupported config without provider execution
  ---
  duration_ms: 2.8065
  type: 'test'
  ...
# Subtest: Backend Session adapters expose honest Harness/Codex capacity, boundary and compaction capabilities
ok 3 - Backend Session adapters expose honest Harness/Codex capacity, boundary and compaction capabilities
  ---
  duration_ms: 4.5716
  type: 'test'
  ...
# Subtest: Harness preserves unknown provider cache evidence and Codex reuses a live thread without another thread/start
ok 4 - Harness preserves unknown provider cache evidence and Codex reuses a live thread without another thread/start
  ---
  duration_ms: 6.1961
  type: 'test'
  ...
# Subtest: Harness session reuse rejects a changed Studio tool allowlist before provider execution
ok 5 - Harness session reuse rejects a changed Studio tool allowlist before provider execution
  ---
  duration_ms: 1.2668
  type: 'test'
  ...
# Subtest: Harness auth, logout, tool result, cancellation and unsupported capability methods conform directly
ok 6 - Harness auth, logout, tool result, cancellation and unsupported capability methods conform directly
  ---
  duration_ms: 2.1444
  type: 'test'
  ...
# Subtest: both backends bound provider event payloads and terminate oversized streams
ok 7 - both backends bound provider event payloads and terminate oversized streams
  ---
  duration_ms: 14.2745
  type: 'test'
  ...
# Subtest: Codex model catalog fails closed on pinned schema drift
ok 8 - Codex model catalog fails closed on pinned schema drift
  ---
  duration_ms: 0.5838
  type: 'test'
  ...
# Subtest: Codex keeps user questions separate and denies every built-in effect at the wire boundary
ok 9 - Codex keeps user questions separate and denies every built-in effect at the wire boundary
  ---
  duration_ms: 3.7043
  type: 'test'
  ...
# Subtest: auth state, browser handoff, logout, rate limit and cancel use the pinned protocol
ok 10 - auth state, browser handoff, logout, rate limit and cancel use the pinned protocol
  ---
  duration_ms: 3.9701
  type: 'test'
  ...
# Subtest: Codex normalizes 401 and 429 request failures to terminal auth/rate-limit diagnostics
ok 11 - Codex normalizes 401 and 429 request failures to terminal auth/rate-limit diagnostics
  ---
  duration_ms: 1.5335
  type: 'test'
  ...
# Subtest: temporary usage lookup failure preserves verified login and can recover without starting a turn
ok 12 - temporary usage lookup failure preserves verified login and can recover without starting a turn
  ---
  duration_ms: 3.264
  type: 'test'
  ...
# Subtest: unresponsive optional usage metadata cannot consume the full login readiness deadline
ok 13 - unresponsive optional usage metadata cannot consume the full login readiness deadline
  ---
  duration_ms: 2002.2019
  type: 'test'
  ...
# Subtest: Codex 5xx and unresponsive RPCs become retryable terminal failures
ok 14 - Codex 5xx and unresponsive RPCs become retryable terminal failures
  ---
  duration_ms: 24.6082
  type: 'test'
  ...
# Subtest: malformed JSON and process exit become terminal interrupted events; env drops credential variables
ok 15 - malformed JSON and process exit become terminal interrupted events; env drops credential variables
  ---
  duration_ms: 23.7635
  type: 'test'
  ...
# Subtest: Codex disposal cleans its temporary cwd even when transport shutdown fails
ok 16 - Codex disposal cleans its temporary cwd even when transport shutdown fails
  ---
  duration_ms: 7.6097
  type: 'test'
  ...
# Subtest: malformed terminal/usage notifications and duplicate tool ids fail closed and release pending RPCs
ok 17 - malformed terminal/usage notifications and duplicate tool ids fail closed and release pending RPCs
  ---
  duration_ms: 5.9176
  type: 'test'
  ...
# Subtest: child crash terminates the turn and a fresh pinned backend restarts cleanly
ok 18 - child crash terminates the turn and a fresh pinned backend restarts cleanly
  ---
  duration_ms: 3.6126
  type: 'test'
  ...
# Subtest: Electron main launches the pinned Codex JS entry in Node mode without widening the env allowlist
ok 19 - Electron main launches the pinned Codex JS entry in Node mode without widening the env allowlist
  ---
  duration_ms: 2.4463
  type: 'test'
  ...
# Subtest: the opt-in DeepSeek real smoke uses the current versioned turn configuration
ok 20 - the opt-in DeepSeek real smoke uses the current versioned turn configuration
  ---
  duration_ms: 3.9453
  type: 'test'
  ...
# Subtest: the opt-in Codex real smoke covers auth, text, dynamic tool, question and cancel with current config
ok 21 - the opt-in Codex real smoke covers auth, text, dynamic tool, question and cancel with current config
  ---
  duration_ms: 2.1255
  type: 'test'
  ...
1..21
# tests 21
# suites 0
# pass 21
# fail 0
# cancelled 0
# skipped 0
# todo 0
# duration_ms 3783.6384
