TAP version 13
# Subtest: failed Play inspection can revalidate without losing results or allowing edits outside repair (transaction=false)
ok 1 - failed Play inspection can revalidate without losing results or allowing edits outside repair (transaction=false)
  ---
  duration_ms: 418.4254
  type: 'test'
  ...
# Subtest: failed Play inspection can revalidate without losing results or allowing edits outside repair (transaction=true)
ok 2 - failed Play inspection can revalidate without losing results or allowing edits outside repair (transaction=true)
  ---
  duration_ms: 351.6219
  type: 'test'
  ...
# Subtest: a malformed request closes an empty batch after its delayed start and retains the original error
ok 3 - a malformed request closes an empty batch after its delayed start and retains the original error
  ---
  duration_ms: 111.6125
  type: 'test'
  ...
# Subtest: cancellation before a durable tool start waits for it and cannot execute a late tool body
ok 4 - cancellation before a durable tool start waits for it and cannot execute a late tool body
  ---
  duration_ms: 103.4186
  type: 'test'
  ...
# Subtest: cleanup does not complete a batch twice when its completion audit fails
ok 5 - cleanup does not complete a batch twice when its completion audit fails
  ---
  duration_ms: 109.5981
  type: 'test'
  ...
1..5
# tests 5
# suites 0
# pass 5
# fail 0
# cancelled 0
# skipped 0
# todo 0
# duration_ms 2088.4964
