TAP version 13
# Subtest: historical hydration is silent and a new pending approval notifies once without payload text
ok 1 - historical hydration is silent and a new pending approval notifies once without payload text
  ---
  duration_ms: 4.1667
  type: 'test'
  ...
# Subtest: completed model turns, busy=false, single tool errors and manual cancellations are not task completion
ok 2 - completed model turns, busy=false, single tool errors and manual cancellations are not task completion
  ---
  duration_ms: 0.5279
  type: 'test'
  ...
# Subtest: task completed notifies on its transition and a retry can notify again
ok 3 - task completed notifies on its transition and a retry can notify again
  ---
  duration_ms: 0.4417
  type: 'test'
  ...
# Subtest: task blocked notifies on its transition and a retry can notify again
ok 4 - task blocked notifies on its transition and a retry can notify again
  ---
  duration_ms: 0.2081
  type: 'test'
  ...
# Subtest: task failed notifies on its transition and a retry can notify again
ok 5 - task failed notifies on its transition and a retry can notify again
  ---
  duration_ms: 0.4024
  type: 'test'
  ...
# Subtest: questions and plans notify, resolved and expired approvals withdraw, reset suppresses old records
ok 6 - questions and plans notify, resolved and expired approvals withdraw, reset suppresses old records
  ---
  duration_ms: 2.402
  type: 'test'
  ...
1..6
# tests 6
# suites 0
# pass 6
# fail 0
# cancelled 0
# skipped 0
# todo 0
# duration_ms 1746.6113
