TAP version 13
# Subtest: lazy adapter loads only on open, deduplicates, cancels, unmounts and retries with no late revival
ok 1 - lazy adapter loads only on open, deduplicates, cancels, unmounts and retries with no late revival
  ---
  duration_ms: 296.0276
  type: 'test'
  ...
# Subtest: close/cancel during import, project replacement, and close during async mounting reject late ownership
ok 2 - close/cancel during import, project replacement, and close during async mounting reject late ownership
  ---
  duration_ms: 240.8081
  type: 'test'
  ...
# Subtest: module version/getter failure remains retryable and malformed mounted result rolls back
ok 3 - module version/getter failure remains retryable and malformed mounted result rolls back
  ---
  duration_ms: 236.2528
  type: 'test'
  ...
# Subtest: adapter binds dispatch and preview to latest source, suppresses detached callbacks and never authors previews
ok 4 - adapter binds dispatch and preview to latest source, suppresses detached callbacks and never authors previews
  ---
  duration_ms: 253.2281
  type: 'test'
  ...
1..4
# tests 4
# suites 0
# pass 4
# fail 0
# cancelled 0
# skipped 0
# todo 0
# duration_ms 2071.7227
