TAP version 13
# Subtest: local hybrid retrieval returns current cited knowledge and keeps exact context before semantic hits
ok 1 - local hybrid retrieval returns current cited knowledge and keeps exact context before semantic hits
  ---
  duration_ms: 603.688233
  type: 'test'
  ...
# Subtest: permission, version, revision, conflict and secret boundaries fail closed
ok 2 - permission, version, revision, conflict and secret boundaries fail closed
  ---
  duration_ms: 275.223869
  type: 'test'
  ...
# Subtest: content hash updates create tombstones, graph traversal recalls related decisions, and replay rebuilds the same index digest
ok 3 - content hash updates create tombstones, graph traversal recalls related decisions, and replay rebuilds the same index digest
  ---
  duration_ms: 323.379404
  type: 'test'
  ...
# Subtest: long Chinese requests and approved-plan repair continuations keep full model instructions while bounding retrieval
ok 4 - long Chinese requests and approved-plan repair continuations keep full model instructions while bounding retrieval
  ---
  duration_ms: 2102.592762
  type: 'test'
  ...
1..4
# tests 4
# suites 0
# pass 4
# fail 0
# cancelled 0
# skipped 0
# todo 0
# duration_ms 3827.101717
